{
  "message": "404 Not Found - POST https://registry.npmmirror.com/-/npm/v1/security/advisories/bulk - [NOT_IMPLEMENTED] /-/npm/v1/security/* not implemented yet",
  "method": "POST",
  "uri": "https://registry.npmmirror.com/-/npm/v1/security/advisories/bulk",
  "headers": {
    "server": [
      "Tengine"
    ],
    "date": [
      "Wed, 30 Sep 2026 07:33:28 GMT"
    ],
    "content-type": [
      "application/json"
    ],
    "transfer-encoding": [
      "chunked"
    ],
    "connection": [
      "keep-alive"
    ],
    "strict-transport-security": [
      "max-age=5184000"
    ],
    "via": [
      "kunlun7.cn5230[,404666]"
    ],
    "timing-allow-origin": [
      "*"
    ],
    "eagleid": [
      "6f30472417907536080623029e"
    ],
    "x-fetch-attempts": [
      "1"
    ]
  },
  "statusCode": 404,
  "body": {
    "error": "[NOT_IMPLEMENTED] /-/npm/v1/security/* not implemented yet"
  },
  "error": {
    "summary": "",
    "detail": ""
  }
}

npm warn audit 404 Not Found - POST https://registry.npmmirror.com/-/npm/v1/security/advisories/bulk - [NOT_IMPLEMENTED] /-/npm/v1/security/* not implemented yet
npm error audit endpoint returned an error
npm error A complete log of this run can be found in: C:\Users\84046\AppData\Local\npm-cache\_logs\2026-09-30T07_33_22_233Z-debug-0.log
