✔ records once, settles and computes traceable accuracy (4.5973ms)
✔ the accuracy ledger binds the selected model period and never records a stale quote (46.1187ms)
✔ settles next-NAV predictions only against their recorded base NAV date (1.2789ms)
✔ degrades malformed accuracy storage and non-array inputs without throwing (0.9594ms)
✔ canonical active holdings are the only authority for visible fund cards (2.9098ms)
✔ builds exact/share-class/trigram indexes once and narrows fuzzy Levenshtein work (20.64ms)
✔ fund match session memo avoids repeating fuzzy work and keeps share classes isolated (39.1265ms)
✔ normalizes names without discarding QDII, currency, or A/C share class (0.6608ms)
✔ parses signed amounts, thousands separators, and percentages (1.5394ms)
✔ only applies common OCR digit correction in a labelled numeric context and reports it (15.6575ms)
✔ uses coordinates to keep repeated cards and their labelled values separate (4.6157ms)
✔ merges a wrapped name before parsing adjacent holding fields (0.7057ms)
✔ matches a correct six-digit code before an OCR-different name (0.2596ms)
✔ does not silently replace an unrecognized OCR code with a name match (0.3445ms)
✔ exposes the selected catalog identity for name-only imports (0.3476ms)
✔ does not silently match A and C share classes (0.4108ms)
✔ does not use a classless fuzzy result for an OCR name that explicitly has class A/C/E (0.2697ms)
✔ never treats a six-digit monetary value as a fund code (0.4871ms)
✔ pairs a text-only row of amount labels and values without reusing the first value (0.4768ms)
✔ parses the current Ant Fortune two-column holdings layout without per-card labels (43.6671ms)
✔ accepts a weak Ant Fortune brand only when the holdings table and three catalog identities corroborate it (4.6944ms)
✔ accepts a compressed Ant long-page signature only with distinct UI, table, and three identities (0.5933ms)
✔ rejects a weak 财富 fragment when the fallback corroboration is incomplete or has no Ant brand evidence (3.7128ms)
✔ keeps index digits in an ETF name instead of stripping them as an amount (0.4128ms)
✔ requires confirmation instead of selecting among close fuzzy candidates (1.5095ms)
✔ returns no holdings for empty or non-Alipay text (0.7793ms)
✔ exposes coordinate line/card helpers and a small parser facade (0.4912ms)
✔ app uses safe persistence, cache-to-holding binding, timeout and merge guards (116.9614ms)
✔ production build emits a budgeted split homepage graph without OCR (76.2524ms)
✔ PaddleOCR build accepts an engine-relative module Worker and rejects a root Worker (46.46ms)
✔ PaddleOCR page entry stays light and delegates heavy SDK work to a controlled pinned Worker (293.5534ms)
✔ normalizes an estimate without converting missing values to zero (1.9918ms)
✔ calculates holding profit consistently (1.018ms)
✔ missing or invalid shares remain unknown rather than becoming a zero holding (10.3516ms)
✔ keeps cumulative profit unknown when cost is missing without hiding daily profit (0.415ms)
✔ treats explicit zero cost as known while leaving its return rate undefined (0.1876ms)
✔ does not silently convert invalid negative cost into zero cost (0.1642ms)
✔ binds calculations to the base NAV that belongs to the selected quote (0.4163ms)
✔ current next-NAV overseas model takes display priority while official NAV remains available separately (0.2924ms)
✔ stale overseas model falls back to latest published NAV move (0.3379ms)
✔ official NAV fallback is not mislabeled as an estimate (0.2605ms)
✔ new archive finalization keeps edits made during upload pending (7.5001ms)
✔ sync metadata compares the verified snapshot to the document re-read inside the lock (2.4751ms)
✔ a pull snapshot requiring bridge convergence is never labelled uploaded merely because local hashes match (0.4713ms)
✔ push preserves a concurrent edit made immediately before metadata finalization (5.2161ms)
✔ pull preserves a concurrent edit made immediately before metadata finalization (1.5364ms)
✔ schema 2 sync backs up both sides but stays pull-only until an explicit V3 upgrade (60.4904ms)
✔ legacy arrays and Schema 2 archives both require an explicit isolated V3 upgrade (2.1266ms)
✔ a Schema 2 remote cannot silently discard V3-only revisions, tombstones, or notes (1.4224ms)
✔ an explicit Schema 3 upgrade preserves V3-only records instead of projecting them to Schema 2 (4.0938ms)
✔ schema 3 remains schema 3 and preserves the complete record contract (53.7927ms)
✔ a corrupt remote payload fails closed before backup, local persistence, or PATCH (1.0771ms)
✔ a future remote schema is read-only and can never be merged or overwritten (0.408ms)
✔ a backup failure performs zero local writes and zero remote PATCH (1.0103ms)
✔ a local write that cannot be read back stays fail-closed and never PATCHes remote (2.8403ms)
✔ an acknowledged PATCH is not successful until a second GET matches canonically (4.5197ms)
✔ a V3 PATCH is not verified until the current device shard matches the aggregate readback (1.782ms)
✔ a newer local edit made during PATCH is retained locally and remains pending for the next sync (1.9972ms)
✔ payload helpers keep null cost distinct from zero in schema 2 (0.9244ms)
✔ isolated V3 cloud bridge lifts a genuinely newer legacy edit without losing V3 metadata (25.5416ms)
✔ isolated V3 cloud bridge never lets a legacy active row resurrect a tombstone (26.121ms)
✔ isolated V3 cloud bridge ignores a corrupt legacy sidecar but fails closed on corrupt V3 (0.664ms)
✔ pull-only preserves a bridge convergence marker until V3 receives merged legacy changes (1.391ms)
✔ pull-only merges and persists locally without requiring or calling PATCH (34.7305ms)
✔ pull-only treats a corrupt or future remote as read-only and performs zero local writes (36.8219ms)
✔ uses market-aware recursive refresh intervals (2.6803ms)
✔ deployment workflow uses least privilege, pinned Node 24 actions and dependency auditing (151.0329ms)
✔ Dependabot monitors npm and GitHub Actions on a bounded weekly schedule (5.0131ms)
✔ local runtime uses only the two same-origin development endpoints (19.6126ms)
✔ development proxy accepts only strict read-only fund requests (14.2235ms)
✔ development proxy rejects arbitrary URLs, extra parameters and malformed codes (1.3744ms)
✔ normalizes current estimate table values without inventing a quote minute (66.4101ms)
✔ keeps missing estimate values missing (0.7929ms)
✔ preserves an explicit unavailable proxy response for the fallback chain (1.8262ms)
✔ attaches the unified source quote without dropping a legal zero change (1.3702ms)
✔ preserves the official NAV fallback semantics on non-trading days (0.4814ms)
✔ loads multiple fund codes through the server-side estimate proxy (54.2493ms)
✔ keeps requested codes missing when the proxy returns a partial batch (22.8277ms)
✔ fails explicitly when the estimate proxy is unavailable (2.275ms)
✔ honors caller cancellation instead of waiting for its own timeout (14.8132ms)
✔ reports its own deadline as a timeout source failure (256.8744ms)
✔ parses upstream China time without replacing it with request time (19.8069ms)
✔ distinguishes markets and their refresh windows (82.1096ms)
✔ labels stale, model, official and unavailable data explicitly (1.5304ms)
✔ does not label source timestamps more than five minutes in the future as realtime (0.6422ms)
✔ uses the overseas exchange calendar instead of China weekend for US market refreshes (0.883ms)
✔ loads only same-origin JSON and retains only minimal catalog identity fields (10.9887ms)
✔ reuses one successful catalog load for the OCR page session (0.504ms)
✔ rejects a cross-origin catalog URL before any request is sent (0.8819ms)
✔ returns a controlled error for unavailable or malformed same-origin catalog data (0.5328ms)
✔ normalizes catalog rows and provides minimal local picker matches (45.5437ms)
✔ reads Eastmoney raw array rows with the Chinese name in the third field and pinyin in the fifth field (0.3274ms)
✔ ships a sizable minimal same-origin identity catalog for the OCR confirmation page (183.3939ms)
✔ fund details load holdings through the proxy instead of cross-site script injection (97.5822ms)
✔ normalizes a disclosed holding without coercing missing ratios to zero (33.7641ms)
✔ preserves mixed alphanumeric Japanese codes and explicit exchange identity (0.6206ms)
✔ numeric overseas holdings cannot borrow A-share quotes by matching code length (0.4418ms)
✔ app routes identical Korean and mainland codes independently and removes unidentified cached moves (239.3808ms)
✔ rejects malformed or executable holdings fields before they reach rendering (59.996ms)
✔ ignores unexpected rows and never returns more than ten validated holdings (11.2815ms)
✔ fetches normalized holdings and preserves the disclosure date (2.1239ms)
✔ keeps a valid empty disclosure distinct from an upstream failure (0.644ms)
✔ throws when the holdings proxy is unavailable (1.6994ms)
✔ honors caller cancellation and distinguishes it from its own timeout (13.9357ms)
✔ V3 filenames are stable per device without exposing the raw device id (24.3716ms)
✔ adapter reconciles all V3 files with newer legacy edits and preserves both raw files in backup (234.0204ms)
✔ Schema 3 PATCH writes only the current device sidecar and never deletes or rewrites legacy (0.7021ms)
✔ adapter refuses every Schema 2 PATCH without sending a request (0.2031ms)
✔ adapter fails closed on a truncated Gist or an excessive V3 shard set (20.6969ms)
✔ Gist discovery prefers any V3 archive across pages before falling back to legacy (0.7478ms)
✔ failed save leaves original document, input and note unchanged (29.8842ms)
✔ a form opened before another tab edits or deletes cannot overwrite/restore it (3.1431ms)
✔ editing one record preserves an unrelated concurrent addition and notes (48.9847ms)
✔ missing origin lock and cancelled refresh never write holdings (1.3764ms)
✔ a screenshot amount and profit can only suggest total cost after real shares are supplied (1.8166ms)
✔ missing OCR fields stay missing while a real zero remains zero (1.1287ms)
✔ an existing unknown cost remains canonical null instead of the string null or zero (10.5912ms)
✔ a legal candidate activates add/update unless the user explicitly chose skip (0.3628ms)
✔ unmatched OCR rows default to skip and never create a zero-share holding (0.352ms)
✔ explicitly selected matches update only confirmed rows and retain screenshot-external holdings (3.1248ms)
✔ an OCR import can restore a tombstone only through an explicit confirmed row (0.8894ms)
✔ calculates the disclosed top-holdings contribution from same-day quotes (4.4503ms)
✔ rejects previous-trading-day quotes instead of presenting them as today (0.3652ms)
✔ keeps an estimate unavailable when same-day quote coverage is too low (21.1944ms)
✔ bases the holdings estimate on the latest official NAV without overwriting its date (46.2377ms)
✔ official NAV and holdings enrichment converge regardless of completion order (4.9714ms)
✔ does not replace a genuine current upstream estimate (0.2178ms)
✔ normalizes Eastmoney and Tencent quote timestamps to China time (83.5162ms)
✔ requires a current disclosure date before using a top-holdings estimate in the live page (0.8031ms)
✔ refresh renders the primary quote before asynchronously enriching it with same-day holdings estimates (81.7739ms)
✔ lazy transfer module imports a verified document and installs only the saved result (13.7265ms)
✔ lazy export entry produces Schema 3 JSON without changing local holdings (5.7615ms)
✔ import rejects a newer schema and keeps both the saved and displayed holdings intact (1.1835ms)
✔ quota failure during import preserves the old UI and does not schedule a sync (1.6788ms)
✔ import cannot overwrite an edit committed while it was waiting for the repository lock (1.7018ms)
✔ manual restore installs a verified backup and schedules a sync (2.436ms)
✔ manual restore cannot overwrite a future-schema primary with an old backup (1.2383ms)
✔ a readonly page cannot restore over a repair committed while waiting for its lock (1.1548ms)
✔ unreadable storage cannot masquerade as a missing restore baseline (0.9391ms)
✔ manual restore refuses future backup bundles with holdings instead of their old projection (1.0474ms)
✔ manual restore refuses future backup bundles with renamedRecords instead of their old projection (0.9447ms)
✔ gold never treats the security code as price or previous close as current (1.4623ms)
✔ gold keeps genuine zero return and checks source rather than fetch time (2.2113ms)
✔ normalizes holdings and keeps the newest duplicate (5.5215ms)
✔ prefers tombstone when duplicate timestamps are equal (0.4085ms)
✔ merges cloud holdings without resurrecting an equal-time tombstone (0.4845ms)
✔ keeps semantically invalid primary holdings intact when no backup is available (0.5437ms)
✔ recovers corrupt primary holdings from latest backup (0.2567ms)
✔ removes deleted or unrelated funds from the persisted cache (0.4847ms)
✔ rejects cache timestamps implausibly far in the future (0.1745ms)
✔ finds only orphan per-fund cache keys (0.3508ms)
✔ diagnostics redact tokens and local image data while retaining a bounded history (0.9599ms)
✔ diagnostic summary treats persisted entries as untrusted and emits fixed safe enums only (0.7741ms)
✔ OCR diagnostic display exposes contradictory backend telemetry instead of presenting it as a clean run (0.1717ms)
✔ OCR diagnostic display accepts an exhausted WebGPU to WASM initialization failure (0.1397ms)
✔ accepts only local image Blob inputs and supported image formats (2.2717ms)
✔ fits large OCR images without enlarging small screenshots (1.7118ms)
✔ keeps long narrow screenshots readable and plans bounded vertical OCR tiles (0.5218ms)
✔ configures the local worker with PSM 4 while retaining vertical tile recognition (0.3542ms)
✔ rejects decoded image dimensions that exceed local OCR safety limits (0.2654ms)
✔ merges vertical tile OCR in reading order without duplicate overlap blocks (1.1393ms)
✔ rejects a renamed non-image Blob before canvas or OCR receives it (1.307ms)
✔ classifies canonical markets without collapsing JP, KR and generic QDII into US (2.1209ms)
✔ returns open, break, preopen and closed states in exchange-local time (59.9262ms)
✔ handles Shanghai Gold Exchange day/night sessions and explicit holidays (1.7916ms)
✔ keeps generic QDII market state unknown and emits a bounded next refresh (0.9484ms)
✔ migration storage operations use the safe storage helpers (103.4558ms)
✔ migration module still loads when browser storage throws (2.8903ms)
✔ importing migrations has no storage, network, or window-listener side effects (7.2613ms)
✔ explicit local migration never changes canonical holdings (25.2076ms)
✔ legacy cloud-pending marker becomes a local manual-review marker without network work (2.4386ms)
✔ a failed review-marker write preserves the legacy pending marker and still leaves holdings alone (0.5193ms)
✔ daily lines include only active holdings with same-day live intraday quotes (309.9269ms)
✔ daily lines are bounded without turning an empty result into a misleading notification (6.6868ms)
✔ accepts same-day realtime and delayed intraday estimates, including a real zero (46.3003ms)
✔ rejects every non-live status, including an unknown holdings status (0.3905ms)
✔ rejects official, model, holdings and missing value kinds (0.2454ms)
✔ requires a finite numeric changePct while preserving zero (0.9988ms)
✔ requires both observedAt and fetchedAt to be parseable timestamps (2.5202ms)
✔ uses the China calendar day for both timestamps (1.0077ms)
✔ accepts the freshness boundary and rejects either expired timestamp (1.672ms)
✔ rejects timestamps beyond allowed future clock skew (1.0446ms)
✔ fails closed for invalid inputs and invalid freshness options (0.2757ms)
✔ OCR asset paths are same-origin relative paths and reject URL or traversal syntax (41.1057ms)
✔ v15 OCR manifest has exactly the documented fields and a real build timestamp (69.2058ms)
✔ runtime manifest loading binds to the exact browser runtime versions (130.1001ms)
✔ manifest fetch timeout aborts even when the transport ignores cancellation (50.4031ms)
✔ manifest body timeout aborts even when the transport ignores cancellation (3.6517ms)
✔ manifest load honors cancellation and never starts an already cancelled fetch (82.968ms)
✔ OCR manifest timestamp uses SOURCE_DATE_EPOCH when supplied and current time otherwise (0.5932ms)
✔ manifest generation inventories and verifies every deployed OCR file without requiring Tesseract assets (1484.5048ms)
✔ manifest verification fails closed when a same-size deployed file changes (1588.6897ms)
✔ manifest verification rejects a changed model_hash and missing deployed files (792.9586ms)
✔ manifest generation rejects model metadata whose engine or runtime version drifted (251.1484ms)
✔ OCR backend selection uses WASM when WebGPU is absent or cannot create an adapter (90.156ms)
✔ OCR tries WebGPU once when an adapter is available and keeps WASM as the fallback (0.3617ms)
✔ uses WebGPU once when supported and shares one initialization across callers (6.7757ms)
✔ never attempts WebGPU when the browser does not expose it (0.4898ms)
✔ falls back immediately and permanently to WASM after WebGPU initialization failure (5.2844ms)
✔ treats model incompatibility as one WebGPU attempt and uses WASM (0.8121ms)
✔ keeps a failed initialization stable instead of retrying either backend (0.9595ms)
✔ concurrent recognition calls create and initialize only one backend (1.4612ms)
✔ rejects URL, Base64, typed arrays, empty Blob, and blob-like objects before initialization (2.5834ms)
✔ sanitizes backend recognition errors and classifications (2.1337ms)
✔ dispose waits for active work, releases one backend once, and prevents reuse (1.9968ms)
✔ OCR import runs in an isolated local-only document and remains confirmation-gated (108.4356ms)
✔ layout-only performance cannot erase an already observed OCR backend fallback (5.4839ms)
✔ OCR confirmation rejects a edit made while the preview was open (20.9283ms)
✔ OCR confirmation rejects a delete made while the preview was open (1.8434ms)
✔ OCR confirmation preserves unrelated additions and skipped rows under the repository lock (45.2374ms)
✔ OCR confirmation cannot revive a baseline tombstone or commit without a valid baseline (1.7613ms)
✔ OCR confirmation fails closed when locks or the refresh flag cannot be saved (1.294ms)
✔ normalizes only the fixed non-sensitive performance contract (10.1977ms)
✔ updates commit timing only when the latest ledger entry is the expected OCR run (1.732ms)
✔ keeps only the latest twenty entries and reports aggregate backend counts (7.5661ms)
✔ marks the legacy webgpu-capable wasm-without-fallback combination inconsistent (0.315ms)
✔ backfills old truthful fallback entries without inventing private detail (0.1929ms)
✔ preserves explicit fallback evidence and never turns a missing backend into wasm (0.2175ms)
✔ treats an exhausted WebGPU to WASM initialization fallback as truthful failure evidence (0.1722ms)
✔ contains malformed storage and write failures without exposing the submitted object (0.35ms)
✔ rejects non-finite timing data and bounds numeric telemetry (0.2201ms)
✔ classifies only fixed local OCR stages without retaining underlying details (0.4099ms)
✔ deduplicates only adjacent overlap-seam tokens and preserves stable reading order (41.5028ms)
✔ reconstructs wrapped fund names and three separated numeric columns (139.9449ms)
✔ reconstructs a fund name split into same-line fragments and a wrapped line (83.2922ms)
✔ keeps negative amounts and percentages strict, without partial text extraction (0.2702ms)
✔ allows a geometry-only preview but never marks a headerless table importable (0.7296ms)
✔ does not assign semantic numbers when neither a reliable header nor clear geometry exists (0.3007ms)
✔ retains an unnamed numeric record for explicit manual confirmation instead of dropping it (0.9301ms)
✔ keeps A/C ambiguity as a preview candidate without choosing a fund identity (63.0089ms)
✔ missing holdingAmount stays null without losing or shifting the other visual fields (19.9363ms)
✔ missing dailyProfit stays null without losing or shifting the other visual fields (57.4346ms)
✔ missing holdingProfit stays null without losing or shifting the other visual fields (0.4241ms)
✔ missing holdingProfitRate stays null without losing or shifting the other visual fields (98.1382ms)
✔ OCR v15 keeps the 16 MP safety gate and adds dynamic viewport fallback ordering (474.9616ms)
✔ a silent worker init reaches its deadline, terminates, and rejects further requests (8.9087ms)
✔ a silent worker predict reaches its deadline, terminates, and rejects further requests (0.7712ms)
✔ a silent worker dispose reaches its deadline, terminates, and rejects further requests (0.5404ms)
✔ successful worker reply clears the deadline and cancellation terminates remaining work (5.3046ms)
✔ disposing the facade aborts active recognition before waiting for engine cleanup (8.452ms)
✔ ships the latest disclosed Q2 direct models with traceable holding coverage (111.9638ms)
✔ loads model configuration and enforces usable weight (2.2273ms)
✔ preserves the newest underlying market timestamp and marks old quotes stale (0.5859ms)
✔ ignores malformed model configuration and bad rule patterns without interrupting selection (0.9045ms)
✔ excludes missing, future and older-than-36-hour quote weights (0.3842ms)
✔ uses the converted Korean local time at the 36-hour freshness boundary (35.9091ms)
✔ keeps the latest disclosed quarter usable during the following calendar quarter (0.4338ms)
✔ marks a model two disclosure quarters behind as stale (0.4823ms)
✔ abandons a hanging model configuration request without blocking startup (34.4782ms)
✔ fund valuation never falls back to an identically numbered stock quote (92.0568ms)
✔ the credential-bearing page does not execute third-party scripts (2.6316ms)
✔ remote holdings fields are escaped even after schema validation (3.7816ms)
✔ accepts only a local Blob with a supported screenshot type (5.0403ms)
✔ defers generic Android file metadata to the local image signature (3.3133ms)
✔ rejects clearly non-image MIME types or filename suffixes before decoding (0.5265ms)
✔ checks the local binary signature before image decoding (0.5733ms)
✔ preflights the browser capabilities required by the Android OCR path (2.156ms)
✔ plans bounded whole-row tiles for the long holdings-list region (1.8426ms)
✔ plans a separate bounded header region for machine source evidence (0.2823ms)
✔ maps Paddle polygon coordinates to original image coordinates and keeps one core owner (0.706ms)
✔ normalizes only accepted positioned tokens without forming an OCR transcript (0.7918ms)
✔ uses a same-origin static Paddle engine with local tiny models and single-threaded WASM (1.2568ms)
✔ sanitizes successful and failed engine performance without retaining private fields (0.9084ms)
✔ preserves truthful WebGPU success performance through the image adapter (3.7786ms)
✔ preserves truthful WASM-only success performance through the image adapter (0.5128ms)
✔ preserves truthful WebGPU to WASM fallback success performance through the image adapter (0.7172ms)
✔ preserves fallback evidence when recognition fails without leaking the backend error (1.2807ms)
✔ initialization failure exports only a safe exhausted-fallback snapshot and disposes the engine (1.8891ms)
✔ client creates an opaque-origin iframe and accepts only messages from its WindowProxy (10.0348ms)
✔ client rejects a same-frame response whose code is outside the request set (8.1258ms)
✔ bridge HTML CSP permits only the local runtime and the two current JSONP hosts (139.8964ms)
✔ three 3-second sources each retain their full 7-second dispatch budget (17.4656ms)
✔ queued abort never reaches JSONP and active abort discards its entire realm (2.4614ms)
✔ abort and destroy during iframe load release the pending load and queued jobs (0.8547ms)
✔ a source timeout removes the stuck frame and the next job gets a clean realm (1.0976ms)
✔ bridge runtime exposes only the closed operation set and builds fixed provider URLs (3.6838ms)
✔ officialFundData adapter validates fS_code and returns only bounded latest NAV fields (3.0419ms)
✔ officialFundData adapter converts Eastmoney NAV timestamps to China dates (0.3114ms)
✔ officialFundData adapter rejects a mismatched remote fund identity (0.5646ms)
✔ Tencent adapter returns only requested codes with finite values and null for missing change (0.9684ms)
✔ Tencent adapter rejects non-finite or non-numeric prices instead of coercing them to zero (0.1847ms)
✔ Quote Envelope keeps a real zero distinct from a missing value and never invents observedAt (379.5845ms)
✔ Quote Envelope rejects a future source time without confusing fetch time and source time (1.4706ms)
✔ all current source kinds normalize to the same exact Quote Envelope shape (59.172ms)
✔ selection follows realtime, delayed, model, official, stale, unavailable quality order (0.9066ms)
✔ cache remains explicitly cache-tier and can never present itself as realtime (2.2926ms)
✔ a stale source cannot be renewed by a fresh outer cache TTL or a later cache write time (0.3873ms)
✔ Worker fallback diagnostics survive normalization as bounded reason codes (0.7181ms)
✔ Worker diagnostics map arbitrary upstream text to bounded codes without retaining its content (0.6186ms)
✔ an explicit proxy fallback never inherits the primary source tier (4.023ms)
✔ fund candidate builder keeps model and official candidates separately before selection (1.3372ms)
✔ a multi-day-old intraday estimate becomes stale and cannot outrank a newer official NAV (2.4574ms)
✔ an estimate without a parseable source time is stale, not a high-ranked delayed quote (0.882ms)
✔ Friday close can remain delayed during a weekend but becomes stale once Monday trading resumes (0.9131ms)
✔ source registry is declarative and preserves proxy/model/cache tiers (0.2137ms)
✔ newer date-only official NAV wins regardless of candidate order and old proxy source name (41.2734ms)
✔ same-date official enrichment supplies missing change and baseline instead of losing to lexical source order (0.5373ms)
✔ structured Worker value fields including zero are mapped together with the previous NAV date (0.8814ms)
✔ future official dates never outrank a valid published NAV, and invalid calendar dates are rejected (0.59ms)
✔ legacy cached models without a bound period remain stale despite a new outer TTL (0.9532ms)
✔ local holdings estimates reject same-session double counting and multi-session NAV gaps (18.0081ms)
✔ newer primary official NAV prevents stale detail enrichment from becoming a false model baseline (0.4646ms)
✔ missing holdings moves and future intraday ticks do not count as flat stocks (3.3132ms)
✔ overseas next-NAV guard uses the US exchange date, not China overnight date (4.3381ms)
✔ mixed-market session dates and unidentifiable market codes fail closed (0.7146ms)
✔ app overseas model binds to the newest official candidate and never double counts its session (96.2098ms)
✔ binds a realtime quote to its source time without inventing coverage (38.2294ms)
✔ shows model coverage, confidence, version and the explicit next-NAV meaning (1.1728ms)
✔ official NAV uses its date and never the fetch clock as the displayed time (0.52ms)
✔ stale and unavailable quotes explain degradation and keep missing values semantic (1.0406ms)
✔ formats confidence, coverage and reason codes without turning missing into zero (0.3133ms)
✔ explains expired and missing source time without claiming there is no reason (0.241ms)
✔ same trigger is folded into one refresh with complete generation metadata (115.0105ms)
✔ a late superseded generation may update diagnostics and source health but cannot commit UI or cache (169.1294ms)
✔ an AbortError never becomes a source failure or a refresh error (4.4983ms)
✔ per-fund execution isolates a failure, records source health, and restores it after recovery (31.9325ms)
✔ a current generation records partial source coverage without throwing or opening the breaker (1.0174ms)
✔ a completed generation accepts detached enrichment only until superseded (120.1942ms)
✔ stop aborts the current generation and blocks every later commit (1.9237ms)
✔ manual requests do not coalesce by default and async commit callbacks are refused (47.6346ms)
✔ runFund skips a source in cooldown without invoking its operation (0.8248ms)
✔ partial callback failures are reported as uncommitted results (0.5099ms)
✔ stopAndDrain waits for the aborted active task to settle (0.622ms)
✔ extracts only static identity rows from the upstream catalog assignment without evaluating it (4.4539ms)
✔ rejects malformed upstream text instead of executing it (0.5046ms)
✔ creates immutable refresh metadata and exposes one abort signal (45.6026ms)
✔ rejects invalid generations and recognizes standard abort errors (0.8732ms)
✔ startup, visibility, network recovery and manual refresh all route through the generation coordinator (91.0371ms)
✔ release fingerprint binds every critical path, length and deployed byte deterministically (7679.7083ms)
✔ release fingerprint fails closed on missing, empty, duplicate and escaping paths (337.5438ms)
✔ deployed OCR verification checks every validated manifest asset byte (365.2312ms)
✔ deployed app chunk verification binds every lazy and cold chunk byte (763.2419ms)
✔ bridge operations are a closed enum and requests cannot carry URLs or extra fields (3.538ms)
✔ operation request schemas enforce code format, uniqueness, and bounded counts (1.1034ms)
✔ official fund response requires exact requested identity and two finite chronological NAV points (7.2665ms)
✔ quote responses preserve a real zero but reject missing price and out-of-request codes (42.5854ms)
✔ response envelopes reject wrong request IDs, arbitrary trees, and unknown error codes (0.5529ms)
✔ caller cancellation remains an AbortError (7.1428ms)
✔ internal timeout is a source failure instead of a caller abort (127.0256ms)
✔ startup integrity checks preserve semantically invalid holdings instead of overwriting them with zeroes (19.4748ms)
✔ startup recovers a corrupt legacy projection only through a verified repository backup (6.0252ms)
✔ malformed percent encoding returns 400 and the preview server survives (2639.0704ms)
✔ service worker isolates version caches, preserves old tabs during upgrades, and returns errors offline (151.8578ms)
✔ install reloads every versioned core asset instead of seeding from an older HTTP cache (87.5847ms)
✔ service worker activation keeps the newest previous shell and delegates reload to the requesting page (24.0219ms)
✔ first install claims the current page because no older app shell exists (44.6893ms)
✔ offline navigation falls back only for the app root and never substitutes the home page for unknown routes (68.2945ms)
✔ API and large OCR requests stay network-only while offline (15.878ms)
✔ OCR code and manifest revalidate HTTP cache while large immutable assets keep normal HTTP caching (9.1004ms)
✔ a new version cache miss revalidates JS against origin before seeding stale-while-revalidate (8.9861ms)
✔ registers controlled immutable source descriptors without changing caller input (29.8806ms)
✔ partial business coverage is degraded without opening the circuit breaker (19.2967ms)
✔ accepts the declared production registry including its zero-timeout cache source (0.459ms)
✔ selects only matching currently-attemptable descriptors in priority order (9.6509ms)
✔ enters cooldown after repeated failure and permits exactly one claimed half-open probe (46.7234ms)
✔ failed half-open probe restarts cooldown and aborted work leaves health untouched (0.6492ms)
✔ explicitly unavailable sources are excluded until a success restores them (0.5485ms)
✔ a cancelled half-open probe is released without counting a failure (1.1119ms)
✔ older availability timestamps never move source health backwards (2.1594ms)
✔ device id is generated once, persisted, and reused (4.4257ms)
✔ persistence backs up prior state and verifies V3 and V1 readback (13.3343ms)
✔ backup failure causes zero canonical writes (0.5587ms)
✔ V3 readback corruption rolls both canonical keys back to their prior values (0.9547ms)
✔ V1 compatibility write failure rolls a verified V3 write back (2.765ms)
✔ loading an old V1 array migrates it once and persists strict V3 (76.3742ms)
✔ re-adding a tombstoned holding clears deletion and increments revision (1.8615ms)
✔ save transaction preserves current records absent from the submitted legacy array (1.8895ms)
✔ a stale OCR-style legacy snapshot cannot overwrite a newer local record (49.4979ms)
✔ a prepared partial journal rolls back only values owned by that transaction (31.9351ms)
✔ journal recovery never rolls a foreign concurrent value back (0.4589ms)
✔ a newer old-tab projection edit is reconciled once into a higher V3 revision (31.9431ms)
✔ an old-tab active projection cannot revive a V3 tombstone (1.3618ms)
✔ strict V3 keeps explicit zero distinct from null and rejects missing shares (5.4267ms)
✔ strict V3 rejects duplicate identities and ids that do not match their fund code (0.8813ms)
✔ document updatedAt cannot be older than a contained record (0.3956ms)
✔ legacy migration is deterministic across devices and idempotent after V3 (42.3163ms)
✔ legacy migration preserves absent cost as null and explicit zero as zero (28.7842ms)
✔ legacy migration fails the whole payload when shares are missing (0.4351ms)
✔ future schema remains readonly without creating a writable V3 projection (0.7337ms)
✔ merge is commutative and keeps union records without treating absence as deletion (2.6892ms)
✔ equal revision and timestamp tombstone wins in either merge order (0.698ms)
✔ a genuinely newer Schema 2 edit is lifted without erasing V3-only metadata (1.2536ms)
✔ an unchanged or lossy equal-time Schema 2 projection cannot erase V3 metadata (0.3969ms)
✔ a legacy active row cannot resurrect a V3 tombstone even with a later clock (0.4052ms)
✔ all local holding mutations use the authoritative Schema 3 repository (1.8828ms)
✔ Gist PATCH has one guarded adapter entry and verified cloud orchestration (0.6399ms)
✔ startup migrations remain local-only and offline cache includes Schema 3 runtime (0.4289ms)
✔ future schema in fuyu_holdings_v3 blocks recovery, backups and writes without changing any bytes (51.1775ms)
✔ future schema in fuyu_holdings_v1 blocks recovery, backups and writes without changing any bytes (27.206ms)
✔ future schema inside a journal cannot be rolled back to the old schema (4.2087ms)
✔ legacy round trips preserve note, revisions, timestamps and device ownership (1.5021ms)
✔ missing or malformed holding numbers never become zero during migration or saving (3.6302ms)
✔ quota failure at fuyu_holdings_repository_backup_latest_v1 never publishes the candidate document (1.3213ms)
✔ quota failure at fuyu_holdings_repository_journal_v1 never publishes the candidate document (2.1049ms)
✔ quota failure at fuyu_holdings_v3 never publishes the candidate document (1.0915ms)
✔ quota failure at fuyu_holdings_v1 never publishes the candidate document (0.9605ms)
✔ quota failure at fuyu_holdings_projection_meta_v1 never publishes the candidate document (0.9283ms)
✔ failed journal finalization restores the old document and leaves only recoverable state (1.2438ms)
✔ missing, failed and rejected Web Locks never execute an unlocked callback (0.6791ms)
✔ another tab waits for the active journal owner, then stale edits are rejected (1.7886ms)
✔ reads legacy cloud arrays and future-compatible schema payloads (17.1978ms)
✔ cache exposes freshness without hiding stale data (0.6526ms)
✔ storage write failures are contained (2.854ms)
✔ storage key enumeration is bounded by the supplied storage adapter (2.6913ms)
✔ mixed-release page delegates the new update action to the legacy guarded updater (2.6682ms)
✔ current app action keeps propagating when no legacy updater is present (1.0646ms)
✔ compatibility bridge ignores unrelated click targets (1.0249ms)
✔ compatibility bridge tolerates malformed events and legacy failures (2.1723ms)
✔ compatibility bridge loads before the app entry and cannot bypass update safety guards (13.6974ms)
✔ runtime, release metadata and maintained documentation versions stay synchronized (76.8176ms)
ℹ tests 410
ℹ suites 0
ℹ pass 410
ℹ fail 0
ℹ cancelled 0
ℹ skipped 0
ℹ todo 0
ℹ duration_ms 14783.0578
ℹ start of coverage report
ℹ --------------------------------------------------------------------------------------------------------------------------------------------------------------------------------------------------------------------------------------------------------------------------------------------------------------------
ℹ file                         | line % | branch % | funcs % | uncovered lines
ℹ --------------------------------------------------------------------------------------------------------------------------------------------------------------------------------------------------------------------------------------------------------------------------------------------------------------------
ℹ js                           |        |          |         | 
ℹ  accuracy.js                 |  97.44 |    87.04 |   90.48 | 62-63
ℹ  alipay-ocr-parser.js        |  96.08 |    84.41 |   98.11 | 253-263 276-286 587-588 596-597 605-607 609-613 745-747
ℹ  calculator.js               |  97.96 |    77.36 |  100.00 | 44
ℹ  config.js                   |  96.88 |    73.33 |  100.00 | 31
ℹ  eastmoney-estimate.js       | 100.00 |    82.81 |  100.00 | 
ℹ  freshness.js                | 100.00 |    82.05 |  100.00 | 
ℹ  fund-catalog.js             |  93.46 |    72.37 |   83.33 | 16-18 20-22 99-100 114-115
ℹ  fund-holdings.js            | 100.00 |    84.85 |  100.00 | 
ℹ  holding-import-plan.js      |  91.35 |    82.30 |   91.30 | 107-108 124-126 175-185
ℹ  holdings-estimate.js        | 100.00 |    78.02 |  100.00 | 
ℹ  integrity.js                |  91.19 |    75.38 |  100.00 | 58 102-103 110-111 114-115 125-133 139-145
ℹ  local-ocr.js                |  59.51 |    66.67 |   67.86 | 80-81 118-119 154-157 159-196 198-205 207-221 223-251 253-260 268-294 369-391 394-403
ℹ  migrations.js               |  30.30 |   100.00 |    0.00 | 11-15 17-25 35-66
ℹ  notifications               |        |          |         | 
ℹ   notification-controller.js |  22.58 |    73.33 |   37.50 | 5-12 14-17 19-23 44-66 69-124
ℹ  ocr-table-layout.js         |  97.32 |    78.76 |   97.73 | 53-55 210-211 235 258-261 519-524
ℹ  ocr                         |        |          |         | 
ℹ   asset-manifest.js          |  86.73 |    70.43 |  100.00 | 64-65 75-76 78-79 92-93 95-96 105-106 108-109 113-114 120-121 133-134 137-138 140-141 184-185
ℹ   capability.js              |  98.23 |    81.82 |   93.75 | 102-103
ℹ   engine.js                  |  91.28 |    76.47 |   96.30 | 113-117 145-146 148-149 210-213 246-250 254-258 277-279 304-305 358-361
ℹ   import-transaction.js      | 100.00 |    72.73 |  100.00 | 
ℹ   performance-ledger.js      |  90.43 |    73.33 |   86.67 | 71-72 106-109 113-116 136-137 153-154 157-158 171-172 175-176 229-230
ℹ  overseas-model.js           |  99.57 |    70.00 |   96.00 | 139
ℹ  paddle-local-ocr.js         |  94.57 |    66.67 |   89.80 | 157-158 181-183 205-206 326-332 334-339 362-363 367-372 454-455
ℹ  resilience.js               |  65.97 |    60.00 |   69.23 | 52-72 128 149-191
ℹ  runtime                     |        |          |         | 
ℹ   active-holdings.js         | 100.00 |    71.43 |  100.00 | 
ℹ   holding-edit.js            | 100.00 |    79.41 |  100.00 | 
ℹ   holdings-transfer.js       |  97.44 |    83.02 |  100.00 | 32-34
ℹ   index-quote.js             | 100.00 |    94.74 |  100.00 | 
ℹ   market-session.js          |  97.74 |    80.21 |  100.00 | 60-61 82
ℹ   notification-policy.js     |  98.36 |    91.49 |  100.00 | 46-47
ℹ   quote-bridge-client.js     |  89.23 |    74.11 |   84.21 | 25-29 65-66 76 98-100 116-118 143-145 151-152 200-201 208-210 256-257 262-263 284-285 296-297
ℹ   quote-contract.js          |  93.46 |    76.56 |   90.00 | 177-191 199-200
ℹ   quote-normalizer.js        |  98.84 |    85.99 |   95.45 | 95-96 345-346
ℹ   quote-presentation.js      |  99.52 |    76.42 |  100.00 | 128
ℹ   refresh-coordinator.js     |  92.98 |    76.34 |   85.29 | 137-138 150-152 170-172 195-196 250-252 298-308
ℹ   refresh-generation.js      | 100.00 |    76.19 |  100.00 | 
ℹ   remote-schema.js           |  91.72 |    75.76 |  100.00 | 76-77 96-97 180-181 195-196 221-222 267-278 280-281
ℹ   request-signal.js          | 100.00 |    78.26 |  100.00 | 
ℹ   source-registry.js         |  98.77 |    80.00 |  100.00 | 105-106 122 141 228-229
ℹ  sandbox                     |        |          |         | 
ℹ   quote-bridge-runtime.js    |  77.60 |    68.10 |   75.00 | 67-70 78-79 86-87 92-93 99-100 113-114 168-171 254-280 289 297 302-303 306-308 311-314 317-319 322-340 343-346
ℹ  storage.js                  |  96.39 |    59.52 |   91.67 | 48-49 73
ℹ  storage                     |        |          |         | 
ℹ   cloud-sync.js              |  81.60 |    67.01 |  100.00 | 53-56 62-63 85 194-195 207-208 210-211 216-223 249-250 270-271 281-282 293-294 302-303 310-311 320-321 329-330 360-361 368-369 406-407 421-422 424-425 431-434 436-439 453-456 460-467 475-498 500-503 513-522 549-550 556-557 583-584 592-593 605-606
ℹ   gist-remote.js             |  89.56 |    48.21 |   85.71 | 42-43 49-50 110-112 123-133 181
ℹ   holdings-migration.js      |  93.95 |    73.51 |  100.00 | 69-70 87-88 91-92 126-127 175-178 207-209 235-236
ℹ   holdings-repository.js     |  89.67 |    83.01 |   97.37 | 112 121-122 142-153 155-157 159-162 164-165 167-169 201-202 205-206 241-242 302-303 314-326 349-350 479-480 521-522
ℹ   holdings-schema.js         |  91.89 |    80.91 |  100.00 | 24-25 29-30 38-39 45-46 75-76 78-79 81-82 183-184 187-188
ℹ  version.js                  | 100.00 |   100.00 |  100.00 | 
ℹ --------------------------------------------------------------------------------------------------------------------------------------------------------------------------------------------------------------------------------------------------------------------------------------------------------------------
ℹ all files                    |  89.83 |    76.82 |   92.57 | 
ℹ --------------------------------------------------------------------------------------------------------------------------------------------------------------------------------------------------------------------------------------------------------------------------------------------------------------------
ℹ end of coverage report

