
> fuyu-fund@15.0.2 test
> node --test

✔ records once, settles and computes traceable accuracy (3.3646ms)
✔ the accuracy ledger binds the selected model period and never records a stale quote (2.3518ms)
✔ settles next-NAV predictions only against their recorded base NAV date (0.3187ms)
✔ degrades malformed accuracy storage and non-array inputs without throwing (0.5527ms)
✔ canonical active holdings are the only authority for visible fund cards (3.5599ms)
✔ builds exact/share-class/trigram indexes once and narrows fuzzy Levenshtein work (40.9899ms)
✔ fund match session memo avoids repeating fuzzy work and keeps share classes isolated (26.906ms)
✔ normalizes names without discarding QDII, currency, or A/C share class (1.3236ms)
✔ parses signed amounts, thousands separators, and percentages (4.1368ms)
✔ only applies common OCR digit correction in a labelled numeric context and reports it (4.7101ms)
✔ uses coordinates to keep repeated cards and their labelled values separate (11.9988ms)
✔ merges a wrapped name before parsing adjacent holding fields (1.205ms)
✔ matches a correct six-digit code before an OCR-different name (0.2061ms)
✔ does not silently replace an unrecognized OCR code with a name match (0.2595ms)
✔ exposes the selected catalog identity for name-only imports (0.2902ms)
✔ does not silently match A and C share classes (0.5193ms)
✔ does not use a classless fuzzy result for an OCR name that explicitly has class A/C/E (0.2067ms)
✔ never treats a six-digit monetary value as a fund code (5.1332ms)
✔ pairs a text-only row of amount labels and values without reusing the first value (1.9979ms)
✔ parses the current Ant Fortune two-column holdings layout without per-card labels (2.6659ms)
✔ accepts a weak Ant Fortune brand only when the holdings table and three catalog identities corroborate it (2.9488ms)
✔ accepts a compressed Ant long-page signature only with distinct UI, table, and three identities (0.4239ms)
✔ rejects a weak 财富 fragment when the fallback corroboration is incomplete or has no Ant brand evidence (2.8865ms)
✔ keeps index digits in an ETF name instead of stripping them as an amount (0.4543ms)
✔ requires confirmation instead of selecting among close fuzzy candidates (0.3575ms)
✔ returns no holdings for empty or non-Alipay text (2.5699ms)
✔ exposes coordinate line/card helpers and a small parser facade (1.9256ms)
✔ app uses safe persistence, cache-to-holding binding, timeout and merge guards (63.4864ms)
✔ production build emits a budgeted split homepage graph without OCR (47.7977ms)
✔ PaddleOCR build accepts an engine-relative module Worker and rejects a root Worker (4.7186ms)
✔ PaddleOCR page entry stays light and delegates heavy SDK work to a controlled pinned Worker (617.1486ms)
✔ normalizes an estimate without converting missing values to zero (1.381ms)
✔ calculates holding profit consistently (0.4364ms)
✔ missing or invalid shares remain unknown rather than becoming a zero holding (3.2364ms)
✔ keeps cumulative profit unknown when cost is missing without hiding daily profit (0.2523ms)
✔ treats explicit zero cost as known while leaving its return rate undefined (0.2178ms)
✔ does not silently convert invalid negative cost into zero cost (0.1878ms)
✔ binds calculations to the base NAV that belongs to the selected quote (0.3714ms)
✔ current next-NAV overseas model takes display priority while official NAV remains available separately (0.2665ms)
✔ stale overseas model falls back to latest published NAV move (0.2259ms)
✔ official NAV fallback is not mislabeled as an estimate (0.3052ms)
✔ new archive finalization keeps edits made during upload pending (5.9388ms)
✔ sync metadata compares the verified snapshot to the document re-read inside the lock (0.7115ms)
✔ a pull snapshot requiring bridge convergence is never labelled uploaded merely because local hashes match (0.3893ms)
✔ push preserves a concurrent edit made immediately before metadata finalization (12.0689ms)
✔ pull preserves a concurrent edit made immediately before metadata finalization (1.1904ms)
✔ schema 2 sync backs up both sides but stays pull-only until an explicit V3 upgrade (50.7744ms)
✔ legacy arrays and Schema 2 archives both require an explicit isolated V3 upgrade (2.0441ms)
✔ a Schema 2 remote cannot silently discard V3-only revisions, tombstones, or notes (8.9778ms)
✔ an explicit Schema 3 upgrade preserves V3-only records instead of projecting them to Schema 2 (3.8275ms)
✔ schema 3 remains schema 3 and preserves the complete record contract (29.2546ms)
✔ a corrupt remote payload fails closed before backup, local persistence, or PATCH (0.7146ms)
✔ a future remote schema is read-only and can never be merged or overwritten (0.3774ms)
✔ a backup failure performs zero local writes and zero remote PATCH (0.365ms)
✔ a local write that cannot be read back stays fail-closed and never PATCHes remote (0.9222ms)
✔ an acknowledged PATCH is not successful until a second GET matches canonically (0.8411ms)
✔ a V3 PATCH is not verified until the current device shard matches the aggregate readback (0.8506ms)
✔ a newer local edit made during PATCH is retained locally and remains pending for the next sync (1.4895ms)
✔ payload helpers keep null cost distinct from zero in schema 2 (1.1517ms)
✔ isolated V3 cloud bridge lifts a genuinely newer legacy edit without losing V3 metadata (17.6651ms)
✔ isolated V3 cloud bridge never lets a legacy active row resurrect a tombstone (4.5105ms)
✔ isolated V3 cloud bridge ignores a corrupt legacy sidecar but fails closed on corrupt V3 (0.7452ms)
✔ pull-only preserves a bridge convergence marker until V3 receives merged legacy changes (6.6172ms)
✔ pull-only merges and persists locally without requiring or calling PATCH (4.8227ms)
✔ pull-only treats a corrupt or future remote as read-only and performs zero local writes (4.6688ms)
✔ uses market-aware recursive refresh intervals (4.3626ms)
✔ deployment workflow uses least privilege, pinned Node 24 actions and dependency auditing (45.6386ms)
✔ Dependabot monitors npm and GitHub Actions on a bounded weekly schedule (3.0456ms)
✔ local runtime uses only the two same-origin development endpoints (3.8337ms)
✔ development proxy accepts only strict read-only fund requests (1.843ms)
✔ development proxy rejects arbitrary URLs, extra parameters and malformed codes (1.7109ms)
✔ normalizes current estimate table values without inventing a quote minute (131.1696ms)
✔ keeps missing estimate values missing (0.7568ms)
✔ preserves an explicit unavailable proxy response for the fallback chain (23.7156ms)
✔ attaches the unified source quote without dropping a legal zero change (1.9385ms)
✔ preserves the official NAV fallback semantics on non-trading days (7.1033ms)
✔ loads multiple fund codes through the server-side estimate proxy (121.2925ms)
✔ keeps requested codes missing when the proxy returns a partial batch (1.4574ms)
✔ fails explicitly when the estimate proxy is unavailable (1.3519ms)
✔ honors caller cancellation instead of waiting for its own timeout (2.1794ms)
✔ reports its own deadline as a timeout source failure (12.8066ms)
✔ parses upstream China time without replacing it with request time (3.0121ms)
✔ distinguishes markets and their refresh windows (73.3162ms)
✔ labels stale, model, official and unavailable data explicitly (1.0745ms)
✔ does not label source timestamps more than five minutes in the future as realtime (0.4737ms)
✔ uses the overseas exchange calendar instead of China weekend for US market refreshes (1.5048ms)
✔ loads only same-origin JSON and retains only minimal catalog identity fields (5.2433ms)
✔ reuses one successful catalog load for the OCR page session (0.7011ms)
✔ rejects a cross-origin catalog URL before any request is sent (1.679ms)
✔ returns a controlled error for unavailable or malformed same-origin catalog data (0.9307ms)
✔ normalizes catalog rows and provides minimal local picker matches (75.555ms)
✔ reads Eastmoney raw array rows with the Chinese name in the third field and pinyin in the fifth field (0.3294ms)
✔ ships a sizable minimal same-origin identity catalog for the OCR confirmation page (274.019ms)
✔ fund details load holdings through the proxy instead of cross-site script injection (179.1993ms)
✔ normalizes a disclosed holding without coercing missing ratios to zero (2.912ms)
✔ preserves mixed alphanumeric Japanese codes and explicit exchange identity (0.686ms)
✔ numeric overseas holdings cannot borrow A-share quotes by matching code length (0.4273ms)
✔ app routes identical Korean and mainland codes independently and removes unidentified cached moves (296.7237ms)
✔ rejects malformed or executable holdings fields before they reach rendering (0.4209ms)
✔ ignores unexpected rows and never returns more than ten validated holdings (1.921ms)
✔ fetches normalized holdings and preserves the disclosure date (0.6222ms)
✔ keeps a valid empty disclosure distinct from an upstream failure (0.498ms)
✔ throws when the holdings proxy is unavailable (1.1247ms)
✔ honors caller cancellation and distinguishes it from its own timeout (7.8884ms)
✔ V3 filenames are stable per device without exposing the raw device id (2.9041ms)
✔ adapter reconciles all V3 files with newer legacy edits and preserves both raw files in backup (8.1741ms)
✔ Schema 3 PATCH writes only the current device sidecar and never deletes or rewrites legacy (0.9943ms)
✔ adapter refuses every Schema 2 PATCH without sending a request (0.2718ms)
✔ adapter fails closed on a truncated Gist or an excessive V3 shard set (29.7096ms)
✔ Gist discovery prefers any V3 archive across pages before falling back to legacy (0.9213ms)
✔ failed save leaves original document, input and note unchanged (84.1671ms)
✔ a form opened before another tab edits or deletes cannot overwrite/restore it (5.9378ms)
✔ editing one record preserves an unrelated concurrent addition and notes (113.5866ms)
✔ missing origin lock and cancelled refresh never write holdings (4.0873ms)
✔ a screenshot amount and profit can only suggest total cost after real shares are supplied (6.72ms)
✔ missing OCR fields stay missing while a real zero remains zero (22.7072ms)
✔ an existing unknown cost remains canonical null instead of the string null or zero (3.266ms)
✔ a legal candidate activates add/update unless the user explicitly chose skip (0.3913ms)
✔ unmatched OCR rows default to skip and never create a zero-share holding (0.2855ms)
✔ explicitly selected matches update only confirmed rows and retain screenshot-external holdings (1.6877ms)
✔ an OCR import can restore a tombstone only through an explicit confirmed row (0.292ms)
✔ calculates the disclosed top-holdings contribution from same-day quotes (7.6519ms)
✔ rejects previous-trading-day quotes instead of presenting them as today (0.9411ms)
✔ keeps an estimate unavailable when same-day quote coverage is too low (0.3995ms)
✔ bases the holdings estimate on the latest official NAV without overwriting its date (82.0877ms)
✔ official NAV and holdings enrichment converge regardless of completion order (5.643ms)
✔ does not replace a genuine current upstream estimate (1.6876ms)
✔ normalizes Eastmoney and Tencent quote timestamps to China time (92.6477ms)
✔ requires a current disclosure date before using a top-holdings estimate in the live page (0.5979ms)
✔ refresh renders the primary quote before asynchronously enriching it with same-day holdings estimates (164.1998ms)
✔ lazy transfer module imports a verified document and installs only the saved result (20.247ms)
✔ lazy export entry produces Schema 3 JSON without changing local holdings (11.3792ms)
✔ import rejects a newer schema and keeps both the saved and displayed holdings intact (1.4129ms)
✔ quota failure during import preserves the old UI and does not schedule a sync (2.0521ms)
✔ import cannot overwrite an edit committed while it was waiting for the repository lock (1.5284ms)
✔ manual restore installs a verified backup and schedules a sync (2.0306ms)
✔ manual restore cannot overwrite a future-schema primary with an old backup (1.1461ms)
✔ a readonly page cannot restore over a repair committed while waiting for its lock (1.1206ms)
✔ unreadable storage cannot masquerade as a missing restore baseline (0.9765ms)
✔ manual restore refuses future backup bundles with holdings instead of their old projection (1.0952ms)
✔ manual restore refuses future backup bundles with renamedRecords instead of their old projection (0.7431ms)
✔ gold never treats the security code as price or previous close as current (4.6572ms)
✔ gold keeps genuine zero return and checks source rather than fetch time (3.601ms)
✔ normalizes holdings and keeps the newest duplicate (10.5459ms)
✔ prefers tombstone when duplicate timestamps are equal (0.6462ms)
✔ merges cloud holdings without resurrecting an equal-time tombstone (0.9856ms)
✔ keeps semantically invalid primary holdings intact when no backup is available (0.6036ms)
✔ recovers corrupt primary holdings from latest backup (0.3263ms)
✔ removes deleted or unrelated funds from the persisted cache (21.6425ms)
✔ rejects cache timestamps implausibly far in the future (0.2863ms)
✔ finds only orphan per-fund cache keys (2.3771ms)
✔ diagnostics redact tokens and local image data while retaining a bounded history (5.1849ms)
✔ diagnostic summary treats persisted entries as untrusted and emits fixed safe enums only (0.7501ms)
✔ OCR diagnostic display exposes contradictory backend telemetry instead of presenting it as a clean run (18.3839ms)
✔ OCR diagnostic display accepts an exhausted WebGPU to WASM initialization failure (0.1934ms)
✔ accepts only local image Blob inputs and supported image formats (76.4094ms)
✔ fits large OCR images without enlarging small screenshots (3.7683ms)
✔ keeps long narrow screenshots readable and plans bounded vertical OCR tiles (0.5455ms)
✔ configures the local worker with PSM 4 while retaining vertical tile recognition (0.7992ms)
✔ rejects decoded image dimensions that exceed local OCR safety limits (0.5245ms)
✔ merges vertical tile OCR in reading order without duplicate overlap blocks (1.5416ms)
✔ rejects a renamed non-image Blob before canvas or OCR receives it (1.5111ms)
✔ classifies canonical markets without collapsing JP, KR and generic QDII into US (2.917ms)
✔ returns open, break, preopen and closed states in exchange-local time (116.6805ms)
✔ handles Shanghai Gold Exchange day/night sessions and explicit holidays (1.5672ms)
✔ keeps generic QDII market state unknown and emits a bounded next refresh (0.8079ms)
✔ migration storage operations use the safe storage helpers (56.1638ms)
✔ migration module still loads when browser storage throws (2.7155ms)
✔ importing migrations has no storage, network, or window-listener side effects (6.651ms)
✔ explicit local migration never changes canonical holdings (3.5859ms)
✔ legacy cloud-pending marker becomes a local manual-review marker without network work (2.3175ms)
✔ a failed review-marker write preserves the legacy pending marker and still leaves holdings alone (0.6169ms)
✔ daily lines include only active holdings with same-day live intraday quotes (65.869ms)
✔ daily lines are bounded without turning an empty result into a misleading notification (25.3991ms)
✔ accepts same-day realtime and delayed intraday estimates, including a real zero (59.9751ms)
✔ rejects every non-live status, including an unknown holdings status (0.3467ms)
✔ rejects official, model, holdings and missing value kinds (0.234ms)
✔ requires a finite numeric changePct while preserving zero (0.8791ms)
✔ requires both observedAt and fetchedAt to be parseable timestamps (2.2387ms)
✔ uses the China calendar day for both timestamps (1.2238ms)
✔ accepts the freshness boundary and rejects either expired timestamp (1.7896ms)
✔ rejects timestamps beyond allowed future clock skew (1.0793ms)
✔ fails closed for invalid inputs and invalid freshness options (0.2531ms)
✔ OCR asset paths are same-origin relative paths and reject URL or traversal syntax (7.614ms)
✔ v15 OCR manifest has exactly the documented fields and a real build timestamp (5.2422ms)
✔ runtime manifest loading binds to the exact browser runtime versions (1.3966ms)
✔ manifest fetch timeout aborts even when the transport ignores cancellation (1.2678ms)
✔ manifest body timeout aborts even when the transport ignores cancellation (0.3714ms)
✔ manifest load honors cancellation and never starts an already cancelled fetch (0.6922ms)
✔ OCR manifest timestamp uses SOURCE_DATE_EPOCH when supplied and current time otherwise (0.4455ms)
✔ manifest generation inventories and verifies every deployed OCR file without requiring Tesseract assets (1282.8926ms)
✔ manifest verification fails closed when a same-size deployed file changes (268.7492ms)
✔ manifest verification rejects a changed model_hash and missing deployed files (245.474ms)
✔ manifest generation rejects model metadata whose engine or runtime version drifted (58.3363ms)
✔ OCR backend selection uses WASM when WebGPU is absent or cannot create an adapter (2.6997ms)
✔ OCR tries WebGPU once when an adapter is available and keeps WASM as the fallback (0.353ms)
✔ uses WebGPU once when supported and shares one initialization across callers (4.8043ms)
✔ never attempts WebGPU when the browser does not expose it (0.4569ms)
✔ falls back immediately and permanently to WASM after WebGPU initialization failure (1.7719ms)
✔ treats model incompatibility as one WebGPU attempt and uses WASM (0.6529ms)
✔ keeps a failed initialization stable instead of retrying either backend (1.0036ms)
✔ concurrent recognition calls create and initialize only one backend (0.7554ms)
✔ rejects URL, Base64, typed arrays, empty Blob, and blob-like objects before initialization (0.7836ms)
✔ sanitizes backend recognition errors and classifications (1.0492ms)
✔ dispose waits for active work, releases one backend once, and prevents reuse (1.8982ms)
✔ OCR import runs in an isolated local-only document and remains confirmation-gated (40.3959ms)
✔ layout-only performance cannot erase an already observed OCR backend fallback (9.2869ms)
✔ OCR confirmation rejects a edit made while the preview was open (11.5555ms)
✔ OCR confirmation rejects a delete made while the preview was open (4.3902ms)
✔ OCR confirmation preserves unrelated additions and skipped rows under the repository lock (39.4855ms)
✔ OCR confirmation cannot revive a baseline tombstone or commit without a valid baseline (1.9325ms)
✔ OCR confirmation fails closed when locks or the refresh flag cannot be saved (18.3308ms)
✔ normalizes only the fixed non-sensitive performance contract (2.8345ms)
✔ updates commit timing only when the latest ledger entry is the expected OCR run (1.018ms)
✔ keeps only the latest twenty entries and reports aggregate backend counts (6.0208ms)
✔ marks the legacy webgpu-capable wasm-without-fallback combination inconsistent (0.2666ms)
✔ backfills old truthful fallback entries without inventing private detail (0.2156ms)
✔ preserves explicit fallback evidence and never turns a missing backend into wasm (0.2215ms)
✔ treats an exhausted WebGPU to WASM initialization fallback as truthful failure evidence (0.2439ms)
✔ contains malformed storage and write failures without exposing the submitted object (0.3664ms)
✔ rejects non-finite timing data and bounds numeric telemetry (0.2756ms)
✔ classifies only fixed local OCR stages without retaining underlying details (0.5718ms)
✔ deduplicates only adjacent overlap-seam tokens and preserves stable reading order (10.8032ms)
✔ reconstructs wrapped fund names and three separated numeric columns (9.1798ms)
✔ reconstructs a fund name split into same-line fragments and a wrapped line (0.9916ms)
✔ keeps negative amounts and percentages strict, without partial text extraction (0.2118ms)
✔ allows a geometry-only preview but never marks a headerless table importable (1.8073ms)
✔ does not assign semantic numbers when neither a reliable header nor clear geometry exists (0.4705ms)
✔ retains an unnamed numeric record for explicit manual confirmation instead of dropping it (0.706ms)
✔ keeps A/C ambiguity as a preview candidate without choosing a fund identity (4.9012ms)
✔ missing holdingAmount stays null without losing or shifting the other visual fields (4.7207ms)
✔ missing dailyProfit stays null without losing or shifting the other visual fields (15.4202ms)
✔ missing holdingProfit stays null without losing or shifting the other visual fields (0.4966ms)
✔ missing holdingProfitRate stays null without losing or shifting the other visual fields (0.339ms)
✔ OCR v15 keeps the 16 MP safety gate and adds dynamic viewport fallback ordering (39.8886ms)
✔ a silent worker init reaches its deadline, terminates, and rejects further requests (4.0116ms)
✔ a silent worker predict reaches its deadline, terminates, and rejects further requests (0.6804ms)
✔ a silent worker dispose reaches its deadline, terminates, and rejects further requests (0.6675ms)
✔ successful worker reply clears the deadline and cancellation terminates remaining work (1.9202ms)
✔ disposing the facade aborts active recognition before waiting for engine cleanup (6.7646ms)
✔ ships the latest disclosed Q2 direct models with traceable holding coverage (47.4332ms)
✔ loads model configuration and enforces usable weight (1.9675ms)
✔ preserves the newest underlying market timestamp and marks old quotes stale (0.6962ms)
✔ ignores malformed model configuration and bad rule patterns without interrupting selection (0.9234ms)
✔ excludes missing, future and older-than-36-hour quote weights (0.5186ms)
✔ uses the converted Korean local time at the 36-hour freshness boundary (48.0154ms)
✔ keeps the latest disclosed quarter usable during the following calendar quarter (0.4062ms)
✔ marks a model two disclosure quarters behind as stale (0.4728ms)
✔ abandons a hanging model configuration request without blocking startup (24.0213ms)
✔ fund valuation never falls back to an identically numbered stock quote (57.3403ms)
✔ the credential-bearing page does not execute third-party scripts (2.277ms)
✔ remote holdings fields are escaped even after schema validation (2.1464ms)
✔ accepts only a local Blob with a supported screenshot type (2.0156ms)
✔ defers generic Android file metadata to the local image signature (1.018ms)
✔ rejects clearly non-image MIME types or filename suffixes before decoding (0.4344ms)
✔ checks the local binary signature before image decoding (0.6104ms)
✔ preflights the browser capabilities required by the Android OCR path (1.627ms)
✔ plans bounded whole-row tiles for the long holdings-list region (1.3503ms)
✔ plans a separate bounded header region for machine source evidence (0.2028ms)
✔ maps Paddle polygon coordinates to original image coordinates and keeps one core owner (0.3827ms)
✔ normalizes only accepted positioned tokens without forming an OCR transcript (0.6025ms)
✔ uses a same-origin static Paddle engine with local tiny models and single-threaded WASM (21.6769ms)
✔ sanitizes successful and failed engine performance without retaining private fields (0.8561ms)
✔ preserves truthful WebGPU success performance through the image adapter (21.547ms)
✔ preserves truthful WASM-only success performance through the image adapter (0.5801ms)
✔ preserves truthful WebGPU to WASM fallback success performance through the image adapter (0.4899ms)
✔ preserves fallback evidence when recognition fails without leaking the backend error (0.7733ms)
✔ initialization failure exports only a safe exhausted-fallback snapshot and disposes the engine (0.9917ms)
✔ client creates an opaque-origin iframe and accepts only messages from its WindowProxy (9.2557ms)
✔ client rejects a same-frame response whose code is outside the request set (3.4656ms)
✔ bridge HTML CSP permits only the local runtime and the two current JSONP hosts (31.6622ms)
✔ three 3-second sources each retain their full 7-second dispatch budget (25.4982ms)
✔ queued abort never reaches JSONP and active abort discards its entire realm (17.2051ms)
✔ abort and destroy during iframe load release the pending load and queued jobs (0.8274ms)
✔ a source timeout removes the stuck frame and the next job gets a clean realm (0.7173ms)
✔ bridge runtime exposes only the closed operation set and builds fixed provider URLs (3.0068ms)
✔ officialFundData adapter validates fS_code and returns only bounded latest NAV fields (5.9528ms)
✔ officialFundData adapter converts Eastmoney NAV timestamps to China dates (0.3681ms)
✔ officialFundData adapter rejects a mismatched remote fund identity (0.4779ms)
✔ Tencent adapter returns only requested codes with finite values and null for missing change (0.8149ms)
✔ Tencent adapter rejects non-finite or non-numeric prices instead of coercing them to zero (0.1919ms)
✔ Quote Envelope keeps a real zero distinct from a missing value and never invents observedAt (7.8946ms)
✔ Quote Envelope rejects a future source time without confusing fetch time and source time (0.6924ms)
✔ all current source kinds normalize to the same exact Quote Envelope shape (49.1841ms)
✔ selection follows realtime, delayed, model, official, stale, unavailable quality order (0.9356ms)
✔ cache remains explicitly cache-tier and can never present itself as realtime (10.9171ms)
✔ a stale source cannot be renewed by a fresh outer cache TTL or a later cache write time (15.2643ms)
✔ Worker fallback diagnostics survive normalization as bounded reason codes (0.6964ms)
✔ Worker diagnostics map arbitrary upstream text to bounded codes without retaining its content (0.5543ms)
✔ an explicit proxy fallback never inherits the primary source tier (19.5995ms)
✔ fund candidate builder keeps model and official candidates separately before selection (2.2288ms)
✔ a multi-day-old intraday estimate becomes stale and cannot outrank a newer official NAV (11.5737ms)
✔ an estimate without a parseable source time is stale, not a high-ranked delayed quote (1.0973ms)
✔ Friday close can remain delayed during a weekend but becomes stale once Monday trading resumes (5.9503ms)
✔ source registry is declarative and preserves proxy/model/cache tiers (0.2114ms)
✔ newer date-only official NAV wins regardless of candidate order and old proxy source name (30.6821ms)
✔ same-date official enrichment supplies missing change and baseline instead of losing to lexical source order (0.8401ms)
✔ structured Worker value fields including zero are mapped together with the previous NAV date (1.4805ms)
✔ future official dates never outrank a valid published NAV, and invalid calendar dates are rejected (1.7803ms)
✔ legacy cached models without a bound period remain stale despite a new outer TTL (1.2422ms)
✔ local holdings estimates reject same-session double counting and multi-session NAV gaps (38.7347ms)
✔ newer primary official NAV prevents stale detail enrichment from becoming a false model baseline (0.3745ms)
✔ missing holdings moves and future intraday ticks do not count as flat stocks (1.1248ms)
✔ overseas next-NAV guard uses the US exchange date, not China overnight date (30.0416ms)
✔ mixed-market session dates and unidentifiable market codes fail closed (0.9505ms)
✔ app overseas model binds to the newest official candidate and never double counts its session (36.0755ms)
✔ binds a realtime quote to its source time without inventing coverage (56.7013ms)
✔ shows model coverage, confidence, version and the explicit next-NAV meaning (1.828ms)
✔ official NAV uses its date and never the fetch clock as the displayed time (0.5871ms)
✔ stale and unavailable quotes explain degradation and keep missing values semantic (1.6998ms)
✔ formats confidence, coverage and reason codes without turning missing into zero (0.3246ms)
✔ explains expired and missing source time without claiming there is no reason (0.2173ms)
✔ same trigger is folded into one refresh with complete generation metadata (5.1111ms)
✔ a late superseded generation may update diagnostics and source health but cannot commit UI or cache (2.2369ms)
✔ an AbortError never becomes a source failure or a refresh error (1.2287ms)
✔ per-fund execution isolates a failure, records source health, and restores it after recovery (1.9218ms)
✔ a current generation records partial source coverage without throwing or opening the breaker (0.5931ms)
✔ a completed generation accepts detached enrichment only until superseded (0.5992ms)
✔ stop aborts the current generation and blocks every later commit (0.4426ms)
✔ manual requests do not coalesce by default and async commit callbacks are refused (1.9542ms)
✔ runFund skips a source in cooldown without invoking its operation (1.5947ms)
✔ partial callback failures are reported as uncommitted results (0.6972ms)
✔ stopAndDrain waits for the aborted active task to settle (0.4525ms)
✔ extracts only static identity rows from the upstream catalog assignment without evaluating it (10.7529ms)
✔ rejects malformed upstream text instead of executing it (0.4725ms)
✔ creates immutable refresh metadata and exposes one abort signal (3.8857ms)
✔ rejects invalid generations and recognizes standard abort errors (0.9127ms)
✔ startup, visibility, network recovery and manual refresh all route through the generation coordinator (23.6902ms)
✔ release fingerprint binds every critical path, length and deployed byte deterministically (1313.4727ms)
✔ release fingerprint fails closed on missing, empty, duplicate and escaping paths (309.7014ms)
✔ deployed OCR verification checks every validated manifest asset byte (100.219ms)
✔ deployed app chunk verification binds every lazy and cold chunk byte (65.6249ms)
✔ bridge operations are a closed enum and requests cannot carry URLs or extra fields (2.6996ms)
✔ operation request schemas enforce code format, uniqueness, and bounded counts (2.1357ms)
✔ official fund response requires exact requested identity and two finite chronological NAV points (1.547ms)
✔ quote responses preserve a real zero but reject missing price and out-of-request codes (0.7865ms)
✔ response envelopes reject wrong request IDs, arbitrary trees, and unknown error codes (0.3523ms)
✔ caller cancellation remains an AbortError (2.9601ms)
✔ internal timeout is a source failure instead of a caller abort (5.0434ms)
✔ startup integrity checks preserve semantically invalid holdings instead of overwriting them with zeroes (7.3251ms)
✔ startup recovers a corrupt legacy projection only through a verified repository backup (2.5634ms)
✔ malformed percent encoding returns 400 and the preview server survives (517.6537ms)
✔ service worker isolates version caches, preserves old tabs during upgrades, and returns errors offline (54.265ms)
✔ install reloads every versioned core asset instead of seeding from an older HTTP cache (87.0832ms)
✔ service worker activation keeps the newest previous shell and delegates reload to the requesting page (8.7961ms)
✔ first install claims the current page because no older app shell exists (2.4146ms)
✔ offline navigation falls back only for the app root and never substitutes the home page for unknown routes (28.5179ms)
✔ API and large OCR requests stay network-only while offline (10.4941ms)
✔ OCR code and manifest revalidate HTTP cache while large immutable assets keep normal HTTP caching (27.0366ms)
✔ a new version cache miss revalidates JS against origin before seeding stale-while-revalidate (6.896ms)
✔ registers controlled immutable source descriptors without changing caller input (4.265ms)
✔ partial business coverage is degraded without opening the circuit breaker (0.6859ms)
✔ accepts the declared production registry including its zero-timeout cache source (0.4173ms)
✔ selects only matching currently-attemptable descriptors in priority order (0.9076ms)
✔ enters cooldown after repeated failure and permits exactly one claimed half-open probe (1.2741ms)
✔ failed half-open probe restarts cooldown and aborted work leaves health untouched (0.3258ms)
✔ explicitly unavailable sources are excluded until a success restores them (0.3252ms)
✔ a cancelled half-open probe is released without counting a failure (0.3133ms)
✔ older availability timestamps never move source health backwards (0.2762ms)
✔ device id is generated once, persisted, and reused (1.5781ms)
✔ persistence backs up prior state and verifies V3 and V1 readback (5.5189ms)
✔ backup failure causes zero canonical writes (0.6296ms)
✔ V3 readback corruption rolls both canonical keys back to their prior values (1.0149ms)
✔ V1 compatibility write failure rolls a verified V3 write back (0.7339ms)
✔ loading an old V1 array migrates it once and persists strict V3 (22.8203ms)
✔ re-adding a tombstoned holding clears deletion and increments revision (0.927ms)
✔ save transaction preserves current records absent from the submitted legacy array (1.0143ms)
✔ a stale OCR-style legacy snapshot cannot overwrite a newer local record (1.2596ms)
✔ a prepared partial journal rolls back only values owned by that transaction (1.9435ms)
✔ journal recovery never rolls a foreign concurrent value back (0.3485ms)
✔ a newer old-tab projection edit is reconciled once into a higher V3 revision (1.5041ms)
✔ an old-tab active projection cannot revive a V3 tombstone (0.9861ms)
✔ strict V3 keeps explicit zero distinct from null and rejects missing shares (5.3006ms)
✔ strict V3 rejects duplicate identities and ids that do not match their fund code (25.4484ms)
✔ document updatedAt cannot be older than a contained record (0.7328ms)
✔ legacy migration is deterministic across devices and idempotent after V3 (16.4156ms)
✔ legacy migration preserves absent cost as null and explicit zero as zero (47.202ms)
✔ legacy migration fails the whole payload when shares are missing (0.4632ms)
✔ future schema remains readonly without creating a writable V3 projection (0.5819ms)
✔ merge is commutative and keeps union records without treating absence as deletion (1.4594ms)
✔ equal revision and timestamp tombstone wins in either merge order (1.0322ms)
✔ a genuinely newer Schema 2 edit is lifted without erasing V3-only metadata (2.55ms)
✔ an unchanged or lossy equal-time Schema 2 projection cannot erase V3 metadata (0.5282ms)
✔ a legacy active row cannot resurrect a V3 tombstone even with a later clock (0.424ms)
✔ all local holding mutations use the authoritative Schema 3 repository (1.2604ms)
✔ Gist PATCH has one guarded adapter entry and verified cloud orchestration (0.6433ms)
✔ startup migrations remain local-only and offline cache includes Schema 3 runtime (0.5086ms)
✔ future schema in fuyu_holdings_v3 blocks recovery, backups and writes without changing any bytes (6.61ms)
✔ future schema in fuyu_holdings_v1 blocks recovery, backups and writes without changing any bytes (0.6473ms)
✔ future schema inside a journal cannot be rolled back to the old schema (0.6366ms)
✔ legacy round trips preserve note, revisions, timestamps and device ownership (4.0353ms)
✔ missing or malformed holding numbers never become zero during migration or saving (3.8946ms)
✔ quota failure at fuyu_holdings_repository_backup_latest_v1 never publishes the candidate document (1.2344ms)
✔ quota failure at fuyu_holdings_repository_journal_v1 never publishes the candidate document (0.8118ms)
✔ quota failure at fuyu_holdings_v3 never publishes the candidate document (1.9759ms)
✔ quota failure at fuyu_holdings_v1 never publishes the candidate document (1.1852ms)
✔ quota failure at fuyu_holdings_projection_meta_v1 never publishes the candidate document (1.0874ms)
✔ failed journal finalization restores the old document and leaves only recoverable state (0.8774ms)
✔ missing, failed and rejected Web Locks never execute an unlocked callback (0.8402ms)
✔ another tab waits for the active journal owner, then stale edits are rejected (1.3955ms)
✔ reads legacy cloud arrays and future-compatible schema payloads (3.3296ms)
✔ cache exposes freshness without hiding stale data (0.5504ms)
✔ storage write failures are contained (0.3707ms)
✔ storage key enumeration is bounded by the supplied storage adapter (1.9016ms)
✔ mixed-release page delegates the new update action to the legacy guarded updater (2.5617ms)
✔ current app action keeps propagating when no legacy updater is present (2.2768ms)
✔ compatibility bridge ignores unrelated click targets (1.1428ms)
✔ compatibility bridge tolerates malformed events and legacy failures (2.4151ms)
✔ compatibility bridge loads before the app entry and cannot bypass update safety guards (15.7594ms)
✔ runtime, release metadata and maintained documentation versions stay synchronized (42.8241ms)
ℹ tests 410
ℹ suites 0
ℹ pass 410
ℹ fail 0
ℹ cancelled 0
ℹ skipped 0
ℹ todo 0
ℹ duration_ms 5930.8304

